Component: ARM Compiler 5.06 update 6 (build 750) Tool: armlink [4d35ed]

==============================================================================

Section Cross References

    sensor_adc.o(.text) refers to _printf_percent.o(.ARM.Collect$$_printf_percent$$00000000) for _printf_percent
    sensor_adc.o(.text) refers to _printf_lld.o(.ARM.Collect$$_printf_percent$$0000000E) for _printf_lld
    sensor_adc.o(.text) refers to _printf_longlong_dec.o(.text) for _printf_longlong_dec
    sensor_adc.o(.text) refers to sensor_resistive.o(.text) for sensor_resistive_rftimer_callback
    sensor_adc.o(.text) refers to scm3c_hw_interface.o(.text) for initialize_mote
    sensor_adc.o(.text) refers to rftimer.o(.text) for rftimer_set_callback_by_id
    sensor_adc.o(.text) refers to noretval__2printf.o(.text) for __2printf
    sensor_adc.o(.text) refers to adc.o(.text) for adc_config
    sensor_adc.o(.text) refers to optical.o(.text) for perform_calibration
    sensor_adc.o(.text) refers to sensor_adc.o(.constdata) for g_sensor_resistive_config
    cm0dsasm.o(STACK) refers (Special) to heapauxi.o(.text) for __use_two_region_memory
    cm0dsasm.o(HEAP) refers (Special) to heapauxi.o(.text) for __use_two_region_memory
    cm0dsasm.o(RESET) refers (Special) to heapauxi.o(.text) for __use_two_region_memory
    cm0dsasm.o(RESET) refers to cm0dsasm.o(STACK) for __initial_sp
    cm0dsasm.o(RESET) refers to cm0dsasm.o(.text) for Reset_Handler
    cm0dsasm.o(.text) refers (Special) to heapauxi.o(.text) for __use_two_region_memory
    cm0dsasm.o(.text) refers to uart.o(.text) for uart_rx_isr
    cm0dsasm.o(.text) refers to adc.o(.text) for adc_isr
    cm0dsasm.o(.text) refers to radio.o(.text) for radio_isr
    cm0dsasm.o(.text) refers to rftimer.o(.text) for rftimer_isr
    cm0dsasm.o(.text) refers to gpio.o(.text) for ext_gpio3_activehigh_debounced_isr
    cm0dsasm.o(.text) refers to optical.o(.text) for optical_32_isr
    cm0dsasm.o(.text) refers to __main.o(!!!main) for __main
    cm0dsasm.o(.text) refers to cm0dsasm.o(HEAP) for Heap_Mem
    cm0dsasm.o(.text) refers to cm0dsasm.o(STACK) for Stack_Mem
    retarget.o(.text) refers (Special) to use_no_semi_2.o(.text) for __use_no_semihosting
    retarget.o(.text) refers to noretval__2printf.o(.text) for __2printf
    retarget.o(.text) refers to retarget.o(.data) for __stdout
    retarget.o(.data) refers (Special) to use_no_semi_2.o(.text) for __use_no_semihosting
    optical.o(.text) refers to _printf_percent.o(.ARM.Collect$$_printf_percent$$00000000) for _printf_percent
    optical.o(.text) refers to _printf_d.o(.ARM.Collect$$_printf_percent$$00000009) for _printf_d
    optical.o(.text) refers to _printf_dec.o(.text) for _printf_int_dec
    optical.o(.text) refers to rt_memclr.o(.text) for __aeabi_memclr4
    optical.o(.text) refers to radio.o(.text) for radio_rxEnable
    optical.o(.text) refers to noretval__2printf.o(.text) for __2printf
    optical.o(.text) refers to scm3c_hw_interface.o(.text) for scm3c_hw_interface_get_HF_CLOCK_fine
    optical.o(.text) refers to optical.o(.bss) for optical_vars
    radio.o(.text) refers to _printf_percent.o(.ARM.Collect$$_printf_percent$$00000000) for _printf_percent
    radio.o(.text) refers to _printf_d.o(.ARM.Collect$$_printf_percent$$00000009) for _printf_d
    radio.o(.text) refers to _printf_dec.o(.text) for _printf_int_dec
    radio.o(.text) refers to _printf_x.o(.ARM.Collect$$_printf_percent$$0000000C) for _printf_x
    radio.o(.text) refers to _printf_hex_int.o(.text) for _printf_longlong_hex
    radio.o(.text) refers to rt_memcpy.o(.text) for __aeabi_memcpy
    radio.o(.text) refers to rftimer.o(.text) for rftimer_set_callback
    radio.o(.text) refers to scm3c_hw_interface.o(.text) for read_IF_estimate
    radio.o(.text) refers to rt_memclr.o(.text) for __aeabi_memclr
    radio.o(.text) refers to noretval__2printf.o(.text) for __2printf
    radio.o(.text) refers to radio.o(.bss) for radio_vars
    radio.o(.text) refers to aeabi_sdiv.o(.text) for __aeabi_idivmod
    radio.o(.text) refers to rt_memcpy.o(.emb_text) for __aeabi_memcpy4
    radio.o(.text) refers to radio.o(.data) for FIR_coeff
    radio.o(.text) refers to radio.o(.constdata) for .constdata
    radio.o(.text) refers to gpio.o(.text) for gpio_2_set
    adc.o(.text) refers to _printf_percent.o(.ARM.Collect$$_printf_percent$$00000000) for _printf_percent
    adc.o(.text) refers to _printf_x.o(.ARM.Collect$$_printf_percent$$0000000C) for _printf_x
    adc.o(.text) refers to _printf_hex_int.o(.text) for _printf_longlong_hex
    adc.o(.text) refers to noretval__2printf.o(.text) for __2printf
    adc.o(.text) refers to scm3c_hw_interface.o(.text) for set_asc_bit
    adc.o(.text) refers to adc.o(.data) for g_adc_output
    gpio.o(.text) refers to noretval__2printf.o(.text) for __2printf
    gpio.o(.text) refers to optical.o(.text) for optical_sfd_isr
[...]
    ../clib/division.c                       0x00000000   Number         0  lludiv10.o ABSOLUTE
    ../clib/division.s                       0x00000000   Number         0  aeabi_sdiv_div0.o ABSOLUTE
    ../clib/division.s                       0x00000000   Number         0  aeabi_sdiv.o ABSOLUTE
    ../clib/heapalloc.c                      0x00000000   Number         0  hrguard.o ABSOLUTE
    ../clib/heapaux.c                        0x00000000   Number         0  heapauxi.o ABSOLUTE
    ../clib/libinit.s                        0x00000000   Number         0  libinit2.o ABSOLUTE
    ../clib/libinit.s                        0x00000000   Number         0  libshutdown.o ABSOLUTE
    ../clib/libinit.s                        0x00000000   Number         0  libshutdown2.o ABSOLUTE
    ../clib/libinit.s                        0x00000000   Number         0  libinit.o ABSOLUTE
    ../clib/longlong.c                       0x00000000   Number         0  llsshr.o ABSOLUTE
    ../clib/longlong.c                       0x00000000   Number         0  llshl.o ABSOLUTE
    ../clib/memcpset.c                       0x00000000   Number         0  rt_memcpy.o ABSOLUTE
    ../clib/memcpset.c                       0x00000000   Number         0  rt_memcpy.o ABSOLUTE
    ../clib/memcpset.c                       0x00000000   Number         0  rt_memclr.o ABSOLUTE
    ../clib/misc.s                           0x00000000   Number         0  printf_stubs.o ABSOLUTE
    ../clib/printf.c                         0x00000000   Number         0  __printf_wp.o ABSOLUTE
    ../clib/printf.c                         0x00000000   Number         0  _printf_hex_ptr.o ABSOLUTE
    ../clib/printf.c                         0x00000000   Number         0  __printf_flags.o ABSOLUTE
    ../clib/printf.c                         0x00000000   Number         0  __printf_flags_wp.o ABSOLUTE
    ../clib/printf.c                         0x00000000   Number         0  __printf_ss_wp.o ABSOLUTE
    ../clib/printf.c                         0x00000000   Number         0  _printf_hex_int.o ABSOLUTE
    ../clib/printf.c                         0x00000000   Number         0  __printf_nopercent.o ABSOLUTE
    ../clib/printf.c                         0x00000000   Number         0  _printf_hex_ll.o ABSOLUTE
    ../clib/printf.c                         0x00000000   Number         0  __printf_flags_ss_wp.o ABSOLUTE
    ../clib/printf.c                         0x00000000   Number         0  _printf_longlong_dec.o ABSOLUTE
    ../clib/printf.c                         0x00000000   Number         0  _printf_dec.o ABSOLUTE
    ../clib/printf.c                         0x00000000   Number         0  __printf.o ABSOLUTE
    ../clib/printf.c                         0x00000000   Number         0  _printf_hex_int_ll_ptr.o ABSOLUTE
    ../clib/printf.c                         0x00000000   Number         0  _printf_char_file.o ABSOLUTE
    ../clib/printf.c                         0x00000000   Number         0  _printf_intcommon.o ABSOLUTE
    ../clib/printf.c                         0x00000000   Number         0  noretval__2printf.o ABSOLUTE
    ../clib/printf.c                         0x00000000   Number         0  __2printf.o ABSOLUTE
    ../clib/printf.c                         0x00000000   Number         0  _printf_hex_ll_ptr.o ABSOLUTE
    ../clib/printf.c                         0x00000000   Number         0  _printf_hex_int_ptr.o ABSOLUTE
    ../clib/printf.c                         0x00000000   Number         0  __printf_ss.o ABSOLUTE
    ../clib/printf.c                         0x00000000   Number         0  __printf_flags_ss.o ABSOLUTE
    ../clib/printf.c                         0x00000000   Number         0  _printf_hex_int_ll.o ABSOLUTE
    ../clib/printf.c                         0x00000000   Number         0  _printf_char_common.o ABSOLUTE
    ../clib/printf_percent.s                 0x00000000   Number         0  _printf_ll.o ABSOLUTE
    ../clib/printf_percent.s                 0x00000000   Number         0  _printf_lld.o ABSOLUTE
    ../clib/printf_percent.s                 0x00000000   Number         0  _printf_percent_end.o ABSOLUTE
    ../clib/printf_percent.s                 0x00000000   Number         0  _printf_d.o ABSOLUTE
    ../clib/printf_percent.s                 0x00000000   Number         0  _printf_u.o ABSOLUTE
    ../clib/printf_percent.s                 0x00000000   Number         0  _printf_percent.o ABSOLUTE
    ../clib/printf_percent.s                 0x00000000   Number         0  _printf_x.o ABSOLUTE
    ../clib/signal.c                         0x00000000   Number         0  defsig_exit.o ABSOLUTE
    ../clib/signal.c                         0x00000000   Number         0  defsig_other.o ABSOLUTE
    ../clib/signal.c                         0x00000000   Number         0  defsig_segv_inner.o ABSOLUTE
    ../clib/signal.c                         0x00000000   Number         0  defsig_cppl_inner.o ABSOLUTE
    ../clib/signal.c                         0x00000000   Number         0  defsig_pvfn_inner.o ABSOLUTE
    ../clib/signal.c                         0x00000000   Number         0  defsig_fpe_formal.o ABSOLUTE
    ../clib/signal.c                         0x00000000   Number         0  defsig_fpe_outer.o ABSOLUTE
    ../clib/signal.c                         0x00000000   Number         0  defsig_stak_inner.o ABSOLUTE
    ../clib/signal.c                         0x00000000   Number         0  defsig_rtmem_formal.o ABSOLUTE
    ../clib/signal.c                         0x00000000   Number         0  defsig_rtmem_outer.o ABSOLUTE
    ../clib/signal.c                         0x00000000   Number         0  defsig_rtmem_inner.o ABSOLUTE
    ../clib/signal.c                         0x00000000   Number         0  defsig_rtred_inner.o ABSOLUTE
    ../clib/signal.c                         0x00000000   Number         0  defsig_abrt_inner.o ABSOLUTE
    ../clib/signal.c                         0x00000000   Number         0  defsig_fpe_inner.o ABSOLUTE
    ../clib/signal.c                         0x00000000   Number         0  defsig_general.o ABSOLUTE
    ../clib/signal.c                         0x00000000   Number         0  __raise.o ABSOLUTE
    ../clib/signal.s                         0x00000000   Number         0  defsig.o ABSOLUTE
    ../clib/stdlib.c                         0x00000000   Number         0  exit.o ABSOLUTE
    ../fplib/cfplib/fpinit.c                 0x00000000   Number         0  fpinit.o ABSOLUTE
    adc.c                                    0x00000000   Number         0  adc.o ABSOLUTE
    adc_msb.c                                0x00000000   Number         0  adc_msb.o ABSOLUTE
    cm0dsasm.s                               0x00000000   Number         0  cm0dsasm.o ABSOLUTE
    dc.s                                     0x00000000   Number         0  dc.o ABSOLUTE
    gpio.c                                   0x00000000   Number         0  gpio.o ABSOLUTE
    matrix.c                                 0x00000000   Number         0  matrix.o ABSOLUTE
    matrix_pencil_method.c                   0x00000000   Number         0  matrix_pencil_method.o ABSOLUTE
    optical.c                                0x00000000   Number         0  optical.o ABSOLUTE
    radio.c                                  0x00000000   Number         0  radio.o ABSOLUTE
    retarget.c                               0x00000000   Number         0  retarget.o ABSOLUTE
    rftimer.c                                0x00000000   Number         0  rftimer.o ABSOLUTE
    scm3c_hw_interface.c                     0x00000000   Number         0  scm3c_hw_interface.o ABSOLUTE
    sensor_adc.c                             0x00000000   Number         0  sensor_adc.o ABSOLUTE
    sensor_capacitor.c                       0x00000000   Number         0  sensor_capacitor.o ABSOLUTE
    sensor_gpio.c                            0x00000000   Number         0  sensor_gpio.o ABSOLUTE
    sensor_resistive.c                       0x00000000   Number         0  sensor_resistive.o ABSOLUTE
    svd_3.c                                  0x00000000   Number         0  svd_3.o ABSOLUTE
    time_constant.c                          0x00000000   Number         0  time_constant.o ABSOLUTE
    uart.c                                   0x00000000   Number         0  uart.o ABSOLUTE
    !!!main                                  0x00000080   Section        8  __main.o(!!!main)
    !!!scatter                               0x00000088   Section       60  __scatter.o(!!!scatter)
    !!handler_copy                           0x000000c4   Section       26  __scatter_copy.o(!!handler_copy)
    !!handler_zi                             0x000000e0   Section       28  __scatter_zi.o(!!handler_zi)
    .ARM.Collect$$_printf_percent$$00000000  0x000000fc   Section        2  _printf_percent.o(.ARM.Collect$$_printf_percent$$00000000)
    .ARM.Collect$$_printf_percent$$00000007  0x000000fe   Section       10  _printf_ll.o(.ARM.Collect$$_printf_percent$$00000007)
    .ARM.Collect$$_printf_percent$$00000009  0x00000108   Section       10  _printf_d.o(.ARM.Collect$$_printf_percent$$00000009)
    .ARM.Collect$$_printf_percent$$0000000A  0x00000112   Section       10  _printf_u.o(.ARM.Collect$$_printf_percent$$0000000A)
    .ARM.Collect$$_printf_percent$$0000000C  0x0000011c   Section       10  _printf_x.o(.ARM.Collect$$_printf_percent$$0000000C)
    .ARM.Collect$$_printf_percent$$0000000E  0x00000126   Section       10  _printf_lld.o(.ARM.Collect$$_printf_percent$$0000000E)
    .ARM.Collect$$_printf_percent$$00000017  0x00000130   Section        4  _printf_percent_end.o(.ARM.Collect$$_printf_percent$$00000017)
    .ARM.Collect$$libinit$$00000000          0x00000134   Section        2  libinit.o(.ARM.Collect$$libinit$$00000000)
    .ARM.Collect$$libinit$$00000002          0x00000136   Section        0  libinit2.o(.ARM.Collect$$libinit$$00000002)
    .ARM.Collect$$libinit$$00000004          0x00000136   Section        0  libinit2.o(.ARM.Collect$$libinit$$00000004)
    .ARM.Collect$$libinit$$0000000A          0x00000136   Section        0  libinit2.o(.ARM.Collect$$libinit$$0000000A)
    .ARM.Collect$$libinit$$0000000C          0x00000136   Section        0  libinit2.o(.ARM.Collect$$libinit$$0000000C)
    .ARM.Collect$$libinit$$0000000E          0x00000136   Section        0  libinit2.o(.ARM.Collect$$libinit$$0000000E)
    .ARM.Collect$$libinit$$00000011          0x00000136   Section        0  libinit2.o(.ARM.Collect$$libinit$$00000011)
    .ARM.Collect$$libinit$$00000013          0x00000136   Section        0  libinit2.o(.ARM.Collect$$libinit$$00000013)
    .ARM.Collect$$libinit$$00000015          0x00000136   Section        0  libinit2.o(.ARM.Collect$$libinit$$00000015)
    .ARM.Collect$$libinit$$00000017          0x00000136   Section        0  libinit2.o(.ARM.Collect$$libinit$$00000017)
    .ARM.Collect$$libinit$$00000019          0x00000136   Section        0  libinit2.o(.ARM.Collect$$libinit$$00000019)
    .ARM.Collect$$libinit$$0000001B          0x00000136   Section        0  libinit2.o(.ARM.Collect$$libinit$$0000001B)
    .ARM.Collect$$libinit$$0000001D          0x00000136   Section        0  libinit2.o(.ARM.Collect$$libinit$$0000001D)
    .ARM.Collect$$libinit$$0000001F          0x00000136   Section        0  libinit2.o(.ARM.Collect$$libinit$$0000001F)
    .ARM.Collect$$libinit$$00000021          0x00000136   Section        0  libinit2.o(.ARM.Collect$$libinit$$00000021)
    .ARM.Collect$$libinit$$00000023          0x00000136   Section        0  libinit2.o(.ARM.Collect$$libinit$$00000023)
    .ARM.Collect$$libinit$$00000025          0x00000136   Section        0  libinit2.o(.ARM.Collect$$libinit$$00000025)
    .ARM.Collect$$libinit$$0000002C          0x00000136   Section        0  libinit2.o(.ARM.Collect$$libinit$$0000002C)
    .ARM.Collect$$libinit$$0000002E          0x00000136   Section        0  libinit2.o(.ARM.Collect$$libinit$$0000002E)
    .ARM.Collect$$libinit$$00000030          0x00000136   Section        0  libinit2.o(.ARM.Collect$$libinit$$00000030)
    .ARM.Collect$$libinit$$00000032          0x00000136   Section        0  libinit2.o(.ARM.Collect$$libinit$$00000032)
    .ARM.Collect$$libinit$$00000033          0x00000136   Section        2  libinit2.o(.ARM.Collect$$libinit$$00000033)
    .ARM.Collect$$libshutdown$$00000000      0x00000138   Section        2  libshutdown.o(.ARM.Collect$$libshutdown$$00000000)
    .ARM.Collect$$libshutdown$$00000002      0x0000013a   Section        0  libshutdown2.o(.ARM.Collect$$libshutdown$$00000002)
    .ARM.Collect$$libshutdown$$00000004      0x0000013a   Section        0  libshutdown2.o(.ARM.Collect$$libshutdown$$00000004)
    .ARM.Collect$$libshutdown$$00000007      0x0000013a   Section        0  libshutdown2.o(.ARM.Collect$$libshutdown$$00000007)
    .ARM.Collect$$libshutdown$$0000000A      0x0000013a   Section        0  libshutdown2.o(.ARM.Collect$$libshutdown$$0000000A)
    .ARM.Collect$$libshutdown$$0000000C      0x0000013a   Section        0  libshutdown2.o(.ARM.Collect$$libshutdown$$0000000C)
    .ARM.Collect$$libshutdown$$0000000F      0x0000013a   Section        0  libshutdown2.o(.ARM.Collect$$libshutdown$$0000000F)
    .ARM.Collect$$libshutdown$$00000010      0x0000013a   Section        2  libshutdown2.o(.ARM.Collect$$libshutdown$$00000010)
    .ARM.Collect$$rtentry$$00000000          0x0000013c   Section        0  __rtentry.o(.ARM.Collect$$rtentry$$00000000)
    .ARM.Collect$$rtentry$$00000002          0x0000013c   Section        0  __rtentry2.o(.ARM.Collect$$rtentry$$00000002)
    .ARM.Collect$$rtentry$$00000004          0x0000013c   Section        6  __rtentry4.o(.ARM.Collect$$rtentry$$00000004)
    .ARM.Collect$$rtentry$$00000009          0x00000142   Section        0  __rtentry2.o(.ARM.Collect$$rtentry$$00000009)
    .ARM.Collect$$rtentry$$0000000A          0x00000142   Section        4  __rtentry2.o(.ARM.Collect$$rtentry$$0000000A)
    .ARM.Collect$$rtentry$$0000000C          0x00000146   Section        0  __rtentry2.o(.ARM.Collect$$rtentry$$0000000C)
    .ARM.Collect$$rtentry$$0000000D          0x00000146   Section        8  __rtentry2.o(.ARM.Collect$$rtentry$$0000000D)
    .ARM.Collect$$rtexit$$00000000           0x0000014e   Section        2  rtexit.o(.ARM.Collect$$rtexit$$00000000)
    .ARM.Collect$$rtexit$$00000002           0x00000150   Section        0  rtexit2.o(.ARM.Collect$$rtexit$$00000002)
    .ARM.Collect$$rtexit$$00000003           0x00000150   Section        4  rtexit2.o(.ARM.Collect$$rtexit$$00000003)
    .ARM.Collect$$rtexit$$00000004           0x00000154   Section        6  rtexit2.o(.ARM.Collect$$rtexit$$00000004)
    .emb_text                                0x0000015c   Section       56  rt_memcpy.o(.emb_text)
    .text                                    0x00000194   Section        0  sensor_adc.o(.text)
    rftimer_callback                         0x00000195   Thumb Code     8  sensor_adc.o(.text)
    .text                                    0x00000298   Section      292  cm0dsasm.o(.text)
    .text                                    0x000003bc   Section        0  retarget.o(.text)
    .text                                    0x00000420   Section        0  optical.o(.text)
    .text                                    0x00000750   Section        0  radio.o(.text)
    .text                                    0x000012f4   Section        0  adc.o(.text)
    adc_set_asc_bit                          0x00001411   Thumb Code    30  adc.o(.text)
    adc_set_pga_gain_asc_bits                0x0000142f   Thumb Code   102  adc.o(.text)
    adc_set_settling_time_asc_bits           0x00001495   Thumb Code   102  adc.o(.text)
    adc_set_bandgap_refernce_tuning_code_asc_bits 0x000014fb   Thumb Code    90  adc.o(.text)
    adc_set_const_gm_tuning_code_asc_bits    0x00001555   Thumb Code   102  adc.o(.text)
    .text                                    0x00001614   Section        0  gpio.o(.text)
    .text                                    0x000018d4   Section        0  uart.o(.text)
    .text                                    0x00001a04   Section        0  rftimer.o(.text)
    .text                                    0x00001bd4   Section        0  scm3c_hw_interface.o(.text)
    .text                                    0x000032e0   Section        0  matrix.o(.text)
    fixed_point_add                          0x0000357d   Thumb Code    14  matrix.o(.text)
    fixed_point_multiply                     0x0000358b   Thumb Code   224  matrix.o(.text)
    matrix_validate                          0x0000366b   Thumb Code    22  matrix.o(.text)
    matrix_index                             0x00003681   Thumb Code    10  matrix.o(.text)
    .text                                    0x000036a0   Section        0  svd_3.o(.text)
    fixed_point_multiply                     0x000036a1   Thumb Code   224  svd_3.o(.text)
    fixed_point_init                         0x00003df5   Thumb Code     8  svd_3.o(.text)
    fixed_point_add                          0x00003dfd   Thumb Code    14  svd_3.o(.text)
    fixed_point_subtract                     0x00003e0b   Thumb Code    14  svd_3.o(.text)
    fixed_point_divide                       0x00003e19   Thumb Code    38  svd_3.o(.text)
    fixed_point_square_root                  0x00003e3f   Thumb Code   116  svd_3.o(.text)
    .text                                    0x00003ed0   Section        0  matrix_pencil_method.o(.text)
    fixed_point_multiply                     0x00003ed1   Thumb Code   224  matrix_pencil_method.o(.text)
    fixed_point_square_root                  0x00003fb1   Thumb Code   116  matrix_pencil_method.o(.text)
    fixed_point_init                         0x00004c1d   Thumb Code     8  matrix_pencil_method.o(.text)
    fixed_point_add                          0x00004c25   Thumb Code    14  matrix_pencil_method.o(.text)
    fixed_point_subtract                     0x00004c33   Thumb Code    14  matrix_pencil_method.o(.text)
    fixed_point_divide                       0x00004c41   Thumb Code    38  matrix_pencil_method.o(.text)
    fixed_point_absolute_value               0x00004c67   Thumb Code    34  matrix_pencil_method.o(.text)
    .text                                    0x00004cd0   Section        0  sensor_resistive.o(.text)
    sensor_resistive_measure_run             0x00004d7d   Thumb Code   124  sensor_resistive.o(.text)
    .text                                    0x00004e48   Section        0  time_constant.o(.text)
    fixed_point_init                         0x00004f83   Thumb Code     8  time_constant.o(.text)
    time_constant_add_to_buffer              0x00004f8b   Thumb Code    22  time_constant.o(.text)
    .text                                    0x00004fc4   Section        0  adc_msb.o(.text)
    .text                                    0x00005044   Section        0  sensor_capacitor.o(.text)
    .text                                    0x000050b8   Section        0  sensor_gpio.o(.text)
    sensor_gpio_set_enable                   0x00005177   Thumb Code    28  sensor_gpio.o(.text)
    .text                                    0x000051a0   Section        2  use_no_semi_2.o(.text)
    .text                                    0x000051a2   Section        0  llshl.o(.text)
    .text                                    0x000051c2   Section        0  llsshr.o(.text)
    .text                                    0x000051e8   Section        0  llsdiv.o(.text)
    .text                                    0x00005258   Section        0  noretval__2printf.o(.text)
    .text                                    0x00005274   Section        0  _printf_dec.o(.text)
    .text                                    0x000052e0   Section        0  _printf_longlong_dec.o(.text)
    .text                                    0x00005350   Section        0  _printf_hex_int.o(.text)
    .text                                    0x000053a8   Section        0  __printf_ss.o(.text)
    .text                                    0x00005466   Section        0  rt_memcpy.o(.text)
    .text                                    0x000054e8   Section        0  rt_memclr.o(.text)
    .text                                    0x00005528   Section      346  aeabi_sdiv.o(.text)
    .text                                    0x00005682   Section        0  heapauxi.o(.text)
    .text                                    0x00005688   Section        2  use_no_semi.o(.text)
    .text                                    0x0000568a   Section        0  lludiv10.o(.text)
    .text                                    0x00005704   Section        0  lludiv.o(.text)
    .text                                    0x00005806   Section        0  _printf_intcommon.o(.text)
    .text                                    0x000058b8   Section        0  _printf_char_file.o(.text)
    .text                                    0x000058e0   Section        0  rtudiv10.o(.text)
    .text                                    0x00005908   Section        0  _printf_char_common.o(.text)
    _printf_input_char                       0x00005909   Thumb Code    10  _printf_char_common.o(.text)
    .text                                    0x00005938   Section       62  sys_stackheap_outer.o(.text)
    .text                                    0x00005976   Section        0  exit.o(.text)
    .text                                    0x00005988   Section        8  libspace.o(.text)
    i.__ARM_common_switch8                   0x00005990   Section        0  sensor_resistive.o(i.__ARM_common_switch8)
    .constdata                               0x000059ac   Section       48  sensor_adc.o(.constdata)
    g_adc_config                             0x000059ac   Data          11  sensor_adc.o(.constdata)
    g_sensor_resistive_config                0x000059b8   Data          36  sensor_adc.o(.constdata)
    .constdata                               0x000059dc   Section       64  radio.o(.constdata)
    .constdata                               0x00005a1c   Section       84  scm3c_hw_interface.o(.constdata)
    default_dac_2m_setting                   0x00005a1c   Data          20  scm3c_hw_interface.o(.constdata)
    .constdata                               0x00005a70   Section       40  _printf_hex_int.o(.constdata)
    uc_hextab                                0x00005a70   Data          20  _printf_hex_int.o(.constdata)
    lc_hextab                                0x00005a84   Data          20  _printf_hex_int.o(.constdata)
    .data                                    0x20000000   Section        8  retarget.o(.data)
    .data                                    0x20000008   Section       72  radio.o(.data)
    .data                                    0x20000050   Section        3  adc.o(.data)
    g_adc_output                             0x20000050   Data           2  adc.o(.data)
    g_adc_output_valid                       0x20000052   Data           1  adc.o(.data)
    .data                                    0x20000054   Section       10  uart.o(.data)
    g_uart_tx_callback                       0x20000054   Data           4  uart.o(.data)
    g_uart_rx_callback                       0x20000058   Data           4  uart.o(.data)
    g_uart_xon_xoff_escaping                 0x2000005c   Data           1  uart.o(.data)
    g_uart_xon_xoff_escaped_char             0x2000005d   Data           1  uart.o(.data)
    .data                                    0x20000060   Section       80  rftimer.o(.data)
    .data                                    0x200000b0   Section       20  matrix_pencil_method.o(.data)
    .data                                    0x200000c4   Section        6  sensor_resistive.o(.data)
    g_sensor_resistive_rftimer_id            0x200000c4   Data           1  sensor_resistive.o(.data)
    g_sensor_resistive_sampling_period_ms    0x200000c6   Data           2  sensor_resistive.o(.data)
    g_sensor_resistive_gpio_excitation       0x200000c8   Data           1  sensor_resistive.o(.data)
    g_sensor_resistive_measurement_state     0x200000c9   Data           1  sensor_resistive.o(.data)
    .data                                    0x200000cc   Section       24  time_constant.o(.data)
    g_time_constant_sampling_frequency       0x200000cc   Data           4  time_constant.o(.data)
    g_time_constant_state                    0x200000d0   Data           1  time_constant.o(.data)
    g_time_constant_num_adc_samples          0x200000d4   Data           4  time_constant.o(.data)
    g_time_constant_min_adc_sample           0x200000d8   Data           2  time_constant.o(.data)
    g_time_constant_max_adc_sample           0x200000da   Data           2  time_constant.o(.data)
    g_time_constant_num_samples_since_minimum 0x200000dc   Data           4  time_constant.o(.data)
    g_time_constant_max_num_samples_since_minimum 0x200000e0   Data           4  time_constant.o(.data)
    .data                                    0x200000e4   Section        2  adc_msb.o(.data)
    .data                                    0x200000e8   Section        4  sensor_capacitor.o(.data)
    g_sensor_capacitor_mask_index            0x200000e8   Data           4  sensor_capacitor.o(.data)
    .data                                    0x200000ec   Section        6  sensor_gpio.o(.data)
    g_sensor_gpio_config                     0x200000ec   Data           1  sensor_gpio.o(.data)
    g_gpio_input_enable                      0x200000ee   Data           2  sensor_gpio.o(.data)
    g_gpio_output_enable                     0x200000f0   Data           2  sensor_gpio.o(.data)
    .bss                                     0x200000f4   Section       32  optical.o(.bss)
    .bss                                     0x20000114   Section     1120  radio.o(.bss)
    .bss                                     0x20000574   Section       76  rftimer.o(.bss)
    .bss                                     0x200005c0   Section      204  scm3c_hw_interface.o(.bss)
    .bss                                     0x20000690   Section      304  svd_3.o(.bss)
    .bss                                     0x200007c0   Section      216  matrix_pencil_method.o(.bss)
    .bss                                     0x20000898   Section    10000  time_constant.o(.bss)
    g_time_constant_adc_samples              0x20000898   Data       10000  time_constant.o(.bss)
    .bss                                     0x20002fa8   Section       28  sensor_capacitor.o(.bss)
    g_sensor_capacitor_config                0x20002fa8   Data          28  sensor_capacitor.o(.bss)
    .bss                                     0x20002fc4   Section       96  libspace.o(.bss)
    HEAP                                     0x20003030   Section     1024  cm0dsasm.o(HEAP)
    Heap_Mem                                 0x20003030   Data        1024  cm0dsasm.o(HEAP)
    STACK                                    0x20003430   Section     2048  cm0dsasm.o(STACK)
    Stack_Mem                                0x20003430   Data        2048  cm0dsasm.o(STACK)
    __initial_sp                             0x20003c30   Data           0  cm0dsasm.o(STACK)

    Global Symbols

    Symbol Name                              Value     Ov Type        Size  Object(Section)

    BuildAttributes$$THM_ISAv3M$S$PE$A:L22$X:L11$S22$IEEE1$IW$USESV6$~STKCKD$USESV7$~SHL$OSPACE$ROPI$EBA8$UX$STANDARDLIB$REQ8$PRES8$EABIv2 0x00000000   Number         0  anon$$obj.o ABSOLUTE
    __ARM_use_no_argv                        0x00000000   Number         0  sensor_adc.o ABSOLUTE
    __Vectors                                0x00000000   Data           4  cm0dsasm.o(RESET)
    _printf_flags                            0x00000000   Number         0  printf_stubs.o ABSOLUTE
    _printf_return_value                     0x00000000   Number         0  printf_stubs.o ABSOLUTE
    _printf_sizespec                         0x00000000   Number         0  printf_stubs.o ABSOLUTE
    _printf_widthprec                        0x00000000   Number         0  printf_stubs.o ABSOLUTE
    __ARM_exceptions_init                     - Undefined Weak Reference
    __alloca_initialize                       - Undefined Weak Reference
    __arm_preinit_                            - Undefined Weak Reference
    __cpp_initialize__aeabi_                  - Undefined Weak Reference
    __cxa_finalize                            - Undefined Weak Reference
    __rt_locale                               - Undefined Weak Reference
    __sigvec_lookup                           - Undefined Weak Reference
    _atexit_init                              - Undefined Weak Reference
    _call_atexit_fns                          - Undefined Weak Reference
    _clock_init                               - Undefined Weak Reference
    _fp_trap_init                             - Undefined Weak Reference
    _fp_trap_shutdown                         - Undefined Weak Reference
    _get_lc_collate                           - Undefined Weak Reference
    _get_lc_ctype                             - Undefined Weak Reference
    _get_lc_monetary                          - Undefined Weak Reference
    _get_lc_numeric                           - Undefined Weak Reference
    _get_lc_time                              - Undefined Weak Reference
    _getenv_init                              - Undefined Weak Reference
    _handle_redirection                       - Undefined Weak Reference
    _init_alloc                               - Undefined Weak Reference
    _init_user_alloc                          - Undefined Weak Reference
    _initio                                   - Undefined Weak Reference
    _printf_post_padding                      - Undefined Weak Reference
    _printf_pre_padding                       - Undefined Weak Reference
    _printf_truncate_signed                   - Undefined Weak Reference
    _printf_truncate_unsigned                 - Undefined Weak Reference
    _rand_init                                - Undefined Weak Reference
    _signal_finish                            - Undefined Weak Reference
    _signal_init                              - Undefined Weak Reference
    _terminate_alloc                          - Undefined Weak Reference
    _terminate_user_alloc                     - Undefined Weak Reference
    _terminateio                              - Undefined Weak Reference
    __main                                   0x00000081   Thumb Code     8  __main.o(!!!main)
    __scatterload                            0x00000089   Thumb Code     0  __scatter.o(!!!scatter)
    __scatterload_rt2                        0x00000089   Thumb Code    52  __scatter.o(!!!scatter)
    __scatterload_rt2_thumb_only             0x00000089   Thumb Code     0  __scatter.o(!!!scatter)
    __scatterload_null                       0x00000099   Thumb Code     0  __scatter.o(!!!scatter)
    __scatterload_copy                       0x000000c5   Thumb Code    26  __scatter_copy.o(!!handler_copy)
    __scatterload_zeroinit                   0x000000e1   Thumb Code    28  __scatter_zi.o(!!handler_zi)
    _printf_percent                          0x000000fd   Thumb Code     0  _printf_percent.o(.ARM.Collect$$_printf_percent$$00000000)
    _printf_ll                               0x000000ff   Thumb Code     0  _printf_ll.o(.ARM.Collect$$_printf_percent$$00000007)
    _printf_d                                0x00000109   Thumb Code     0  _printf_d.o(.ARM.Collect$$_printf_percent$$00000009)
    _printf_u                                0x00000113   Thumb Code     0  _printf_u.o(.ARM.Collect$$_printf_percent$$0000000A)
    _printf_x                                0x0000011d   Thumb Code     0  _printf_x.o(.ARM.Collect$$_printf_percent$$0000000C)
    _printf_lld                              0x00000127   Thumb Code     0  _printf_lld.o(.ARM.Collect$$_printf_percent$$0000000E)
    _printf_percent_end                      0x00000131   Thumb Code     0  _printf_percent_end.o(.ARM.Collect$$_printf_percent$$00000017)
    __rt_lib_init                            0x00000135   Thumb Code     0  libinit.o(.ARM.Collect$$libinit$$00000000)
    __rt_lib_init_alloca_1                   0x00000137   Thumb Code     0  libinit2.o(.ARM.Collect$$libinit$$0000002E)
    __rt_lib_init_argv_1                     0x00000137   Thumb Code     0  libinit2.o(.ARM.Collect$$libinit$$0000002C)
    __rt_lib_init_atexit_1                   0x00000137   Thumb Code     0  libinit2.o(.ARM.Collect$$libinit$$0000001B)
    __rt_lib_init_clock_1                    0x00000137   Thumb Code     0  libinit2.o(.ARM.Collect$$libinit$$00000021)
    __rt_lib_init_cpp_1                      0x00000137   Thumb Code     0  libinit2.o(.ARM.Collect$$libinit$$00000032)
    __rt_lib_init_exceptions_1               0x00000137   Thumb Code     0  libinit2.o(.ARM.Collect$$libinit$$00000030)
    __rt_lib_init_fp_1                       0x00000137   Thumb Code     0  libinit2.o(.ARM.Collect$$libinit$$00000002)
    __rt_lib_init_fp_trap_1                  0x00000137   Thumb Code     0  libinit2.o(.ARM.Collect$$libinit$$0000001F)
    __rt_lib_init_getenv_1                   0x00000137   Thumb Code     0  libinit2.o(.ARM.Collect$$libinit$$00000023)
    __rt_lib_init_heap_1                     0x00000137   Thumb Code     0  libinit2.o(.ARM.Collect$$libinit$$0000000A)
    __rt_lib_init_lc_collate_1               0x00000137   Thumb Code     0  libinit2.o(.ARM.Collect$$libinit$$00000011)
    __rt_lib_init_lc_ctype_1                 0x00000137   Thumb Code     0  libinit2.o(.ARM.Collect$$libinit$$00000013)
    __rt_lib_init_lc_monetary_1              0x00000137   Thumb Code     0  libinit2.o(.ARM.Collect$$libinit$$00000015)
    __rt_lib_init_lc_numeric_1               0x00000137   Thumb Code     0  libinit2.o(.ARM.Collect$$libinit$$00000017)
    __rt_lib_init_lc_time_1                  0x00000137   Thumb Code     0  libinit2.o(.ARM.Collect$$libinit$$00000019)
    __rt_lib_init_preinit_1                  0x00000137   Thumb Code     0  libinit2.o(.ARM.Collect$$libinit$$00000004)
    __rt_lib_init_rand_1                     0x00000137   Thumb Code     0  libinit2.o(.ARM.Collect$$libinit$$0000000E)
    __rt_lib_init_return                     0x00000137   Thumb Code     0  libinit2.o(.ARM.Collect$$libinit$$00000033)
    __rt_lib_init_signal_1                   0x00000137   Thumb Code     0  libinit2.o(.ARM.Collect$$libinit$$0000001D)
    __rt_lib_init_stdio_1                    0x00000137   Thumb Code     0  libinit2.o(.ARM.Collect$$libinit$$00000025)
    __rt_lib_init_user_alloc_1               0x00000137   Thumb Code     0  libinit2.o(.ARM.Collect$$libinit$$0000000C)
    __rt_lib_shutdown                        0x00000139   Thumb Code     0  libshutdown.o(.ARM.Collect$$libshutdown$$00000000)
    __rt_lib_shutdown_cpp_1                  0x0000013b   Thumb Code     0  libshutdown2.o(.ARM.Collect$$libshutdown$$00000002)
    __rt_lib_shutdown_fp_trap_1              0x0000013b   Thumb Code     0  libshutdown2.o(.ARM.Collect$$libshutdown$$00000007)
    __rt_lib_shutdown_heap_1                 0x0000013b   Thumb Code     0  libshutdown2.o(.ARM.Collect$$libshutdown$$0000000F)
    __rt_lib_shutdown_return                 0x0000013b   Thumb Code     0  libshutdown2.o(.ARM.Collect$$libshutdown$$00000010)
    __rt_lib_shutdown_signal_1               0x0000013b   Thumb Code     0  libshutdown2.o(.ARM.Collect$$libshutdown$$0000000A)
    __rt_lib_shutdown_stdio_1                0x0000013b   Thumb Code     0  libshutdown2.o(.ARM.Collect$$libshutdown$$00000004)
    __rt_lib_shutdown_user_alloc_1           0x0000013b   Thumb Code     0  libshutdown2.o(.ARM.Collect$$libshutdown$$0000000C)
    __rt_entry                               0x0000013d   Thumb Code     0  __rtentry.o(.ARM.Collect$$rtentry$$00000000)
    __rt_entry_presh_1                       0x0000013d   Thumb Code     0  __rtentry2.o(.ARM.Collect$$rtentry$$00000002)
    __rt_entry_sh                            0x0000013d   Thumb Code     0  __rtentry4.o(.ARM.Collect$$rtentry$$00000004)
    __rt_entry_li                            0x00000143   Thumb Code     0  __rtentry2.o(.ARM.Collect$$rtentry$$0000000A)
    __rt_entry_postsh_1                      0x00000143   Thumb Code     0  __rtentry2.o(.ARM.Collect$$rtentry$$00000009)
    __rt_entry_main                          0x00000147   Thumb Code     0  __rtentry2.o(.ARM.Collect$$rtentry$$0000000D)
    __rt_entry_postli_1                      0x00000147   Thumb Code     0  __rtentry2.o(.ARM.Collect$$rtentry$$0000000C)
    __rt_exit                                0x0000014f   Thumb Code     0  rtexit.o(.ARM.Collect$$rtexit$$00000000)
    __rt_exit_ls                             0x00000151   Thumb Code     0  rtexit2.o(.ARM.Collect$$rtexit$$00000003)
    __rt_exit_prels_1                        0x00000151   Thumb Code     0  rtexit2.o(.ARM.Collect$$rtexit$$00000002)
    __rt_exit_exit                           0x00000155   Thumb Code     0  rtexit2.o(.ARM.Collect$$rtexit$$00000004)
    __aeabi_memcpy4                          0x0000015d   Thumb Code    56  rt_memcpy.o(.emb_text)
    __aeabi_memcpy8                          0x0000015d   Thumb Code     0  rt_memcpy.o(.emb_text)
    main                                     0x0000019d   Thumb Code   136  sensor_adc.o(.text)
    Reset_Handler                            0x00000299   Thumb Code    10  cm0dsasm.o(.text)
    UART_Handler                             0x000002a3   Thumb Code    20  cm0dsasm.o(.text)
    ADC_Handler                              0x000002b7   Thumb Code    20  cm0dsasm.o(.text)
    RF_Handler                               0x000002cb   Thumb Code    20  cm0dsasm.o(.text)
    RFTIMER_Handler                          0x000002df   Thumb Code    20  cm0dsasm.o(.text)
    EXT_GPIO3_ACTIVEHIGH_DEBOUNCED_Handler   0x000002f3   Thumb Code    20  cm0dsasm.o(.text)
    EXT_GPIO8_ACTIVEHIGH_Handler             0x00000307   Thumb Code    20  cm0dsasm.o(.text)
    EXT_GPIO9_ACTIVELOW_Handler              0x0000031b   Thumb Code    20  cm0dsasm.o(.text)
    EXT_GPIO10_ACTIVELOW                     0x0000032f   Thumb Code    20  cm0dsasm.o(.text)
    RAWCHIPS_STARTVAL_Handler                0x00000343   Thumb Code    20  cm0dsasm.o(.text)
    RAWCHIPS_32_Handler                      0x00000357   Thumb Code    20  cm0dsasm.o(.text)
    EXT_OPTICAL_IRQ_IN_Handler               0x0000036b   Thumb Code    20  cm0dsasm.o(.text)
    OPTICAL_SFD_Handler                      0x0000037f   Thumb Code    20  cm0dsasm.o(.text)
    __user_initial_stackheap                 0x00000395   Thumb Code     0  cm0dsasm.o(.text)
    ferror                                   0x000003bd   Thumb Code     6  retarget.o(.text)
    uart_out                                 0x000003c3   Thumb Code     8  retarget.o(.text)
    uart_in                                  0x000003cb   Thumb Code    18  retarget.o(.text)
    fputc                                    0x000003dd   Thumb Code    14  retarget.o(.text)
    fgetc                                    0x000003eb   Thumb Code    10  retarget.o(.text)
    _ttywrch                                 0x000003f5   Thumb Code    14  retarget.o(.text)
    _sys_exit                                0x00000403   Thumb Code    10  retarget.o(.text)
    optical_init                             0x00000421   Thumb Code    22  optical.o(.text)
    optical_getCalibrationFinshed            0x00000437   Thumb Code     6  optical.o(.text)
    optical_enable                           0x0000043d   Thumb Code    10  optical.o(.text)
    perform_calibration                      0x00000447   Thumb Code    32  optical.o(.text)
    optical_32_isr                           0x00000467   Thumb Code     2  optical.o(.text)
    optical_sfd_isr                          0x00000469   Thumb Code   580  optical.o(.text)
    radio_txEnable                           0x00000751   Thumb Code    14  radio.o(.text)
    radio_loadPacket                         0x0000075f   Thumb Code    34  radio.o(.text)
    radio_reset                              0x00000781   Thumb Code     8  radio.o(.text)
    radio_rfOff                              0x00000789   Thumb Code    22  radio.o(.text)
    radio_txNow                              0x0000079f   Thumb Code     8  radio.o(.text)
    cb_timer_radio                           0x000007a7   Thumb Code    40  radio.o(.text)
    send_packet                              0x000007cf   Thumb Code    66  radio.o(.text)
    radio_rxNow                              0x00000811   Thumb Code    22  radio.o(.text)
    radio_rxEnable                           0x00000827   Thumb Code    30  radio.o(.text)
    receive_packet_length                    0x00000845   Thumb Code    92  radio.o(.text)
    receive_packet                           0x000008a1   Thumb Code    14  radio.o(.text)
    cb_startFrame_tx_radio                   0x000008af   Thumb Code     2  radio.o(.text)
    cb_endFrame_tx_radio                     0x000008b1   Thumb Code    16  radio.o(.text)
    cb_startFrame_rx_radio                   0x000008c1   Thumb Code     8  radio.o(.text)
    radio_getLQIchipErrors                   0x000008c9   Thumb Code     6  radio.o(.text)
    radio_getIFestimate                      0x000008cf   Thumb Code     8  radio.o(.text)
    radio_getCrcOk                           0x000008d7   Thumb Code     8  radio.o(.text)
    radio_getReceivedFrame                   0x000008df   Thumb Code    58  radio.o(.text)
    cb_endFrame_rx_radio                     0x00000919   Thumb Code   128  radio.o(.text)
    repeat_rx_tx                             0x00000999   Thumb Code   328  radio.o(.text)
    default_radio_rx_cb                      0x00000ae1   Thumb Code    46  radio.o(.text)
    radio_setRxCb                            0x00000b0f   Thumb Code     8  radio.o(.text)
    radio_setEndFrameRxCb                    0x00000b17   Thumb Code     8  radio.o(.text)
    radio_setStartFrameRxCb                  0x00000b1f   Thumb Code     8  radio.o(.text)
    radio_setEndFrameTxCb                    0x00000b27   Thumb Code   190  radio.o(.text)
    radio_setStartFrameTxCb                  0x00000be5   Thumb Code     6  radio.o(.text)
    radio_init                               0x00000beb   Thumb Code    76  radio.o(.text)
    setFrequencyRX                           0x00000c37   Thumb Code    22  radio.o(.text)
    setFrequencyTX                           0x00000c4d   Thumb Code    22  radio.o(.text)
    radio_setFrequency                       0x00000c63   Thumb Code    48  radio.o(.text)
    radio_rfOn                               0x00000c93   Thumb Code    16  radio.o(.text)
    radio_frequency_housekeeping             0x00000ca3   Thumb Code   430  radio.o(.text)
    radio_enable_interrupts                  0x00000e51   Thumb Code     8  radio.o(.text)
    radio_disable_interrupts                 0x00000e59   Thumb Code    10  radio.o(.text)
    radio_get_cdr_tau_value                  0x00000e63   Thumb Code     8  radio.o(.text)
    build_RX_channel_table                   0x00000e6b   Thumb Code   234  radio.o(.text)
    build_TX_channel_table                   0x00000f55   Thumb Code   292  radio.o(.text)
    radio_build_channel_table                0x00001079   Thumb Code    72  radio.o(.text)
    radio_isr                                0x000010c1   Thumb Code   254  radio.o(.text)
    rawchips_32_isr                          0x000011bf   Thumb Code   146  radio.o(.text)
    rawchips_startval_isr                    0x00001251   Thumb Code    98  radio.o(.text)
    adc_isr                                  0x000012f5   Thumb Code    16  adc.o(.text)
    adc_config                               0x00001305   Thumb Code   108  adc.o(.text)
    adc_enable_interrupt                     0x00001371   Thumb Code    26  adc.o(.text)
    adc_disable_interrupt                    0x0000138b   Thumb Code    30  adc.o(.text)
    adc_trigger                              0x000013a9   Thumb Code    16  adc.o(.text)
    adc_output_valid                         0x000013b9   Thumb Code     6  adc.o(.text)
    adc_output_reset_valid                   0x000013bf   Thumb Code     8  adc.o(.text)
    adc_peek_output                          0x000013c7   Thumb Code     6  adc.o(.text)
    adc_read_output                          0x000013cd   Thumb Code    42  adc.o(.text)
    adc_average_output                       0x000013f7   Thumb Code    26  adc.o(.text)
    gpio_set_high                            0x00001615   Thumb Code    16  gpio.o(.text)
    gpio_set_low                             0x00001625   Thumb Code    16  gpio.o(.text)
    gpio_toggle                              0x00001635   Thumb Code    16  gpio.o(.text)
    gpio_init                                0x00001645   Thumb Code    14  gpio.o(.text)
    gpio_0_set                               0x00001653   Thumb Code    10  gpio.o(.text)
    gpio_0_clr                               0x0000165d   Thumb Code    10  gpio.o(.text)
    gpio_0_toggle                            0x00001667   Thumb Code    10  gpio.o(.text)
    gpio_1_set                               0x00001671   Thumb Code    10  gpio.o(.text)
    gpio_1_clr                               0x0000167b   Thumb Code    10  gpio.o(.text)
    gpio_1_toggle                            0x00001685   Thumb Code    10  gpio.o(.text)
    gpio_2_set                               0x0000168f   Thumb Code    10  gpio.o(.text)
    gpio_2_clr                               0x00001699   Thumb Code    10  gpio.o(.text)
    gpio_2_toggle                            0x000016a3   Thumb Code    10  gpio.o(.text)
    gpio_3_set                               0x000016ad   Thumb Code    10  gpio.o(.text)
    gpio_3_clr                               0x000016b7   Thumb Code    10  gpio.o(.text)
    gpio_3_toggle                            0x000016c1   Thumb Code    10  gpio.o(.text)
    gpio_4_set                               0x000016cb   Thumb Code    10  gpio.o(.text)
    gpio_4_clr                               0x000016d5   Thumb Code    10  gpio.o(.text)
    gpio_4_toggle                            0x000016df   Thumb Code    10  gpio.o(.text)
    gpio_5_set                               0x000016e9   Thumb Code    10  gpio.o(.text)
    gpio_5_clr                               0x000016f3   Thumb Code    10  gpio.o(.text)
    gpio_5_toggle                            0x000016fd   Thumb Code    10  gpio.o(.text)
    gpio_6_set                               0x00001707   Thumb Code    10  gpio.o(.text)
    gpio_6_clr                               0x00001711   Thumb Code    10  gpio.o(.text)
    gpio_6_toggle                            0x0000171b   Thumb Code    10  gpio.o(.text)
    gpio_7_set                               0x00001725   Thumb Code    10  gpio.o(.text)
    gpio_7_clr                               0x0000172f   Thumb Code    10  gpio.o(.text)
    gpio_7_toggle                            0x00001739   Thumb Code    10  gpio.o(.text)
    gpio_8_set                               0x00001743   Thumb Code    10  gpio.o(.text)
    gpio_8_clr                               0x0000174d   Thumb Code    10  gpio.o(.text)
    gpio_8_toggle                            0x00001757   Thumb Code    10  gpio.o(.text)
    gpio_9_set                               0x00001761   Thumb Code    10  gpio.o(.text)
    gpio_9_clr                               0x0000176b   Thumb Code    10  gpio.o(.text)
    gpio_9_toggle                            0x00001775   Thumb Code    10  gpio.o(.text)
    gpio_10_set                              0x0000177f   Thumb Code    10  gpio.o(.text)
    gpio_10_clr                              0x00001789   Thumb Code    10  gpio.o(.text)
    gpio_10_toggle                           0x00001793   Thumb Code    10  gpio.o(.text)
    gpio_11_set                              0x0000179d   Thumb Code    10  gpio.o(.text)
    gpio_11_clr                              0x000017a7   Thumb Code    10  gpio.o(.text)
    gpio_11_toggle                           0x000017b1   Thumb Code    10  gpio.o(.text)
    gpio_12_set                              0x000017bb   Thumb Code    10  gpio.o(.text)
    gpio_12_clr                              0x000017c5   Thumb Code    10  gpio.o(.text)
    gpio_12_toggle                           0x000017cf   Thumb Code    10  gpio.o(.text)
    gpio_13_set                              0x000017d9   Thumb Code    10  gpio.o(.text)
    gpio_13_clr                              0x000017e3   Thumb Code    10  gpio.o(.text)
    gpio_13_toggle                           0x000017ed   Thumb Code    10  gpio.o(.text)
    gpio_14_set                              0x000017f7   Thumb Code    10  gpio.o(.text)
    gpio_14_clr                              0x00001801   Thumb Code    10  gpio.o(.text)
    gpio_14_toggle                           0x0000180b   Thumb Code    10  gpio.o(.text)
    gpio_15_set                              0x00001815   Thumb Code    10  gpio.o(.text)
    gpio_15_clr                              0x0000181f   Thumb Code    10  gpio.o(.text)
    gpio_15_toggle                           0x00001829   Thumb Code    10  gpio.o(.text)
    ext_gpio3_activehigh_debounced_isr       0x00001833   Thumb Code    10  gpio.o(.text)
    ext_gpio8_activehigh_isr                 0x0000183d   Thumb Code     8  gpio.o(.text)
    ext_gpio9_activelow_isr                  0x00001845   Thumb Code    10  gpio.o(.text)
    ext_gpio10_activelow_isr                 0x0000184f   Thumb Code    10  gpio.o(.text)
    uart_tx_isr                              0x000018d5   Thumb Code    46  uart.o(.text)
    uart_read                                0x00001903   Thumb Code     8  uart.o(.text)
    uart_rx_isr                              0x0000190b   Thumb Code    24  uart.o(.text)
    uart_set_tx_callback                     0x00001923   Thumb Code     6  uart.o(.text)
    uart_set_rx_callback                     0x00001929   Thumb Code     6  uart.o(.text)
    uart_enable_interrupt                    0x0000192f   Thumb Code    26  uart.o(.text)
    uart_disable_interrupt                   0x00001949   Thumb Code    30  uart.o(.text)
    uart_set_cts                             0x00001967   Thumb Code    24  uart.o(.text)
    uart_write                               0x0000197f   Thumb Code    48  uart.o(.text)
    rftimer_init                             0x00001a05   Thumb Code    26  rftimer.o(.text)
    rftimer_set_callback_by_id               0x00001a1f   Thumb Code     8  rftimer.o(.text)
    rftimer_set_callback                     0x00001a27   Thumb Code    14  rftimer.o(.text)
    rftimer_enable_interrupts                0x00001a35   Thumb Code     8  rftimer.o(.text)
    rftimer_clear_interrupts_by_id           0x00001a3d   Thumb Code    10  rftimer.o(.text)
    rftimer_enable_interrupts_by_id          0x00001a47   Thumb Code    22  rftimer.o(.text)
    rftimer_setCompareIn_by_id               0x00001a5d   Thumb Code    46  rftimer.o(.text)
    rftimer_setCompareIn                     0x00001a8b   Thumb Code    14  rftimer.o(.text)
    rftimer_readCounter                      0x00001a99   Thumb Code     8  rftimer.o(.text)
    rftimer_disable_interrupts               0x00001aa1   Thumb Code    10  rftimer.o(.text)
    rftimer_disable_interrupts_by_id         0x00001aab   Thumb Code    12  rftimer.o(.text)
    rftimer_clear_interrupts                 0x00001ab7   Thumb Code    10  rftimer.o(.text)
    rftimer_set_repeat                       0x00001ac1   Thumb Code     6  rftimer.o(.text)
    delay_milliseconds_asynchronous          0x00001ac7   Thumb Code    46  rftimer.o(.text)
    delay_milliseconds_synchronous           0x00001af5   Thumb Code    32  rftimer.o(.text)
    handle_interrupt                         0x00001b15   Thumb Code    60  rftimer.o(.text)
    rftimer_isr                              0x00001b51   Thumb Code    44  rftimer.o(.text)
    scm3c_hw_interface_init                  0x00001bd5   Thumb Code    56  scm3c_hw_interface.o(.text)
    scm3c_hw_interface_get_HF_CLOCK_fine     0x00001c0d   Thumb Code     8  scm3c_hw_interface.o(.text)
    scm3c_hw_interface_get_HF_CLOCK_coarse   0x00001c15   Thumb Code     8  scm3c_hw_interface.o(.text)
    scm3c_hw_interface_get_RC2M_coarse       0x00001c1d   Thumb Code     8  scm3c_hw_interface.o(.text)
    scm3c_hw_interface_get_RC2M_fine         0x00001c25   Thumb Code     8  scm3c_hw_interface.o(.text)
    scm3c_hw_interface_get_RC2M_superfine    0x00001c2d   Thumb Code     8  scm3c_hw_interface.o(.text)
    scm3c_hw_interface_get_IF_clk_target     0x00001c35   Thumb Code     8  scm3c_hw_interface.o(.text)
    scm3c_hw_interface_get_IF_coarse         0x00001c3d   Thumb Code     8  scm3c_hw_interface.o(.text)
    scm3c_hw_interface_get_IF_fine           0x00001c45   Thumb Code     8  scm3c_hw_interface.o(.text)
    scm3c_hw_interface_set_HF_CLOCK_fine     0x00001c4d   Thumb Code     8  scm3c_hw_interface.o(.text)
    scm3c_hw_interface_set_HF_CLOCK_coarse   0x00001c55   Thumb Code     8  scm3c_hw_interface.o(.text)
    scm3c_hw_interface_set_RC2M_coarse       0x00001c5d   Thumb Code     8  scm3c_hw_interface.o(.text)
    scm3c_hw_interface_set_RC2M_fine         0x00001c65   Thumb Code     8  scm3c_hw_interface.o(.text)
    scm3c_hw_interface_set_RC2M_superfine    0x00001c6d   Thumb Code     8  scm3c_hw_interface.o(.text)
    scm3c_hw_interface_set_IF_clk_target     0x00001c75   Thumb Code     8  scm3c_hw_interface.o(.text)
    scm3c_hw_interface_set_IF_coarse         0x00001c7d   Thumb Code     8  scm3c_hw_interface.o(.text)
    scm3c_hw_interface_set_IF_fine           0x00001c85   Thumb Code     8  scm3c_hw_interface.o(.text)
    scm3c_hw_interface_set_asc               0x00001c8d   Thumb Code    16  scm3c_hw_interface.o(.text)
    reverse                                  0x00001c9d   Thumb Code    78  scm3c_hw_interface.o(.text)
    crc32c                                   0x00001ceb   Thumb Code    68  scm3c_hw_interface.o(.text)
    crc_check                                0x00001d2f   Thumb Code    54  scm3c_hw_interface.o(.text)
    flipChar                                 0x00001d65   Thumb Code    48  scm3c_hw_interface.o(.text)
    clear_asc_bit                            0x00001d95   Thumb Code    32  scm3c_hw_interface.o(.text)
    set_asc_bit                              0x00001db5   Thumb Code    32  scm3c_hw_interface.o(.text)
    GPO_control                              0x00001dd5   Thumb Code   170  scm3c_hw_interface.o(.text)
    GPI_control                              0x00001e7f   Thumb Code   182  scm3c_hw_interface.o(.text)
    GPO_enables                              0x00001f35   Thumb Code    64  scm3c_hw_interface.o(.text)
    GPI_enables                              0x00001f75   Thumb Code   236  scm3c_hw_interface.o(.text)
    init_ldo_control                         0x00002061   Thumb Code   142  scm3c_hw_interface.o(.text)
    sram_test                                0x000020ef   Thumb Code   412  scm3c_hw_interface.o(.text)
    set_IF_LDO_voltage                       0x0000228b   Thumb Code    50  scm3c_hw_interface.o(.text)
    set_VDDD_LDO_voltage                     0x000022bd   Thumb Code    94  scm3c_hw_interface.o(.text)
    set_AUX_LDO_voltage                      0x0000231b   Thumb Code    94  scm3c_hw_interface.o(.text)
    set_ALWAYSON_LDO_voltage                 0x00002379   Thumb Code   102  scm3c_hw_interface.o(.text)
    set_zcc_demod_threshold                  0x000023df   Thumb Code    46  scm3c_hw_interface.o(.text)
    set_IF_ZCC_clkdiv                        0x0000240d   Thumb Code    46  scm3c_hw_interface.o(.text)
    set_IF_ZCC_early                         0x0000243b   Thumb Code    46  scm3c_hw_interface.o(.text)
    set_IF_stg3gm_ASC                        0x00002469   Thumb Code   438  scm3c_hw_interface.o(.text)
    set_IF_comparator_trim_I                 0x0000261f   Thumb Code    96  scm3c_hw_interface.o(.text)
    set_IF_comparator_trim_Q                 0x0000267f   Thumb Code    96  scm3c_hw_interface.o(.text)
    set_IF_gain_ASC                          0x000026df   Thumb Code    96  scm3c_hw_interface.o(.text)
    radio_init_rx_MF                         0x0000273f   Thumb Code   282  scm3c_hw_interface.o(.text)
    radio_init_rx_ZCC                        0x00002859   Thumb Code   182  scm3c_hw_interface.o(.text)
    set_LO_supply                            0x0000290f   Thumb Code    32  scm3c_hw_interface.o(.text)
    set_PA_supply                            0x0000292f   Thumb Code    30  scm3c_hw_interface.o(.text)
    set_LC_current                           0x0000294d   Thumb Code    50  scm3c_hw_interface.o(.text)
    radio_init_tx                            0x0000297f   Thumb Code    60  scm3c_hw_interface.o(.text)
    divProgram                               0x000029bb   Thumb Code    62  scm3c_hw_interface.o(.text)
    prescaler                                0x000029f9   Thumb Code   574  scm3c_hw_interface.o(.text)
    set_DIV_supply                           0x00002c37   Thumb Code    34  scm3c_hw_interface.o(.text)
    radio_init_divider                       0x00002c59   Thumb Code    40  scm3c_hw_interface.o(.text)
    read_counters_3B                         0x00002c81   Thumb Code    66  scm3c_hw_interface.o(.text)
    read_IF_estimate                         0x00002cc3   Thumb Code    28  scm3c_hw_interface.o(.text)
    read_LQI                                 0x00002cdf   Thumb Code     6  scm3c_hw_interface.o(.text)
    read_RSSI                                0x00002ce5   Thumb Code    10  scm3c_hw_interface.o(.text)
    set_IF_clock_frequency                   0x00002cef   Thumb Code   116  scm3c_hw_interface.o(.text)
    set_sys_clk_secondary_freq               0x00002d63   Thumb Code   166  scm3c_hw_interface.o(.text)
    analog_scan_chain_load                   0x00002e09   Thumb Code    12  scm3c_hw_interface.o(.text)
    analog_scan_chain_write                  0x00002e15   Thumb Code    94  scm3c_hw_interface.o(.text)
    LC_FREQCHANGE                            0x00002e73   Thumb Code   114  scm3c_hw_interface.o(.text)
    LC_monotonic                             0x00002ee5   Thumb Code   106  scm3c_hw_interface.o(.text)
    flip_lsb8                                0x00002f4f   Thumb Code   126  scm3c_hw_interface.o(.text)
    set_2M_RC_frequency                      0x00002fcd   Thumb Code   144  scm3c_hw_interface.o(.text)
    initialize_mote                          0x0000305d   Thumb Code   250  scm3c_hw_interface.o(.text)
    estimate_temperature_2M_32k              0x00003157   Thumb Code    70  scm3c_hw_interface.o(.text)
    initialize_2M_DAC                        0x0000319d   Thumb Code    30  scm3c_hw_interface.o(.text)
    read_counters                            0x000031bb   Thumb Code    66  scm3c_hw_interface.o(.text)
    update_PN31_byte                         0x000031fd   Thumb Code    36  scm3c_hw_interface.o(.text)
    disable_polyphase_ASC                    0x00003221   Thumb Code    20  scm3c_hw_interface.o(.text)
    enable_polyphase_ASC                     0x00003235   Thumb Code    20  scm3c_hw_interface.o(.text)
    disable_div_power_ASC                    0x00003249   Thumb Code    20  scm3c_hw_interface.o(.text)
    enable_div_power_ASC                     0x0000325d   Thumb Code    20  scm3c_hw_interface.o(.text)
    ext_clk_ble_ASC                          0x00003271   Thumb Code    16  scm3c_hw_interface.o(.text)
    int_clk_ble_ASC                          0x00003281   Thumb Code    16  scm3c_hw_interface.o(.text)
    enable_1mhz_ble_ASC                      0x00003291   Thumb Code    16  scm3c_hw_interface.o(.text)
    disable_1mhz_ble_ASC                     0x000032a1   Thumb Code    16  scm3c_hw_interface.o(.text)
    matrix_init                              0x000032e1   Thumb Code    44  matrix.o(.text)
    matrix_num_rows                          0x0000330d   Thumb Code     6  matrix.o(.text)
    matrix_num_columns                       0x00003313   Thumb Code     6  matrix.o(.text)
    matrix_get                               0x00003319   Thumb Code    52  matrix.o(.text)
    matrix_set                               0x0000334d   Thumb Code    52  matrix.o(.text)
    matrix_add                               0x00003381   Thumb Code   118  matrix.o(.text)
    matrix_multiply                          0x000033f7   Thumb Code   232  matrix.o(.text)
    matrix_copy                              0x000034df   Thumb Code    54  matrix.o(.text)
    matrix_transpose                         0x00003515   Thumb Code   104  matrix.o(.text)
    svd_init                                 0x00003781   Thumb Code    16  svd_3.o(.text)
    cross_product                            0x00003791   Thumb Code   328  svd_3.o(.text)
    identity_subtract_outer_product          0x000038d9   Thumb Code   456  svd_3.o(.text)
    matrix_get_column                        0x00003aa1   Thumb Code    68  svd_3.o(.text)
    euclidean_norm                           0x00003ae5   Thumb Code   100  svd_3.o(.text)
    normalize                                0x00003b49   Thumb Code   100  svd_3.o(.text)
    gradient_ascent                          0x00003bad   Thumb Code   272  svd_3.o(.text)
    svd_calculate_v                          0x00003cbd   Thumb Code   312  svd_3.o(.text)
    eigenvalues                              0x00004025   Thumb Code   400  matrix_pencil_method.o(.text)
    form_data_matrix                         0x000041b5   Thumb Code  1732  matrix_pencil_method.o(.text)
    form_computing_matrix                    0x00004879   Thumb Code   416  matrix_pencil_method.o(.text)
    matrix_pencil_method_init                0x00004a19   Thumb Code   128  matrix_pencil_method.o(.text)
    exp                                      0x00004a99   Thumb Code   100  matrix_pencil_method.o(.text)
    ln                                       0x00004afd   Thumb Code   182  matrix_pencil_method.o(.text)
    matrix_pencil_method_get_time_constant   0x00004bb3   Thumb Code   106  matrix_pencil_method.o(.text)
    sensor_resistive_init                    0x00004cd1   Thumb Code    48  sensor_resistive.o(.text)
    sensor_resistive_measure                 0x00004d01   Thumb Code    62  sensor_resistive.o(.text)
    sensor_resistive_rftimer_callback        0x00004d3f   Thumb Code    62  sensor_resistive.o(.text)
    time_constant_init                       0x00004e49   Thumb Code    46  time_constant.o(.text)
    time_constant_add_sample                 0x00004e77   Thumb Code   206  time_constant.o(.text)
    time_constant_has_sufficient_samples     0x00004f45   Thumb Code    16  time_constant.o(.text)
    time_constant_estimate                   0x00004f55   Thumb Code    46  time_constant.o(.text)
    adc_msb_init                             0x00004fc5   Thumb Code     6  adc_msb.o(.text)
    adc_msb_disambiguate                     0x00004fcb   Thumb Code   106  adc_msb.o(.text)
    adc_msb_get_disambiguated_sample         0x00005035   Thumb Code     6  adc_msb.o(.text)
    sensor_capacitor_init                    0x00005045   Thumb Code    16  sensor_capacitor.o(.text)
    sensor_capacitor_set_gpios               0x00005055   Thumb Code    54  sensor_capacitor.o(.text)
    sensor_capacitor_set_next_mask           0x0000508b   Thumb Code    38  sensor_capacitor.o(.text)
    sensor_gpio_init                         0x000050b9   Thumb Code    16  sensor_gpio.o(.text)
    sensor_gpio_set_high                     0x000050c9   Thumb Code    50  sensor_gpio.o(.text)
    sensor_gpio_set_low                      0x000050fb   Thumb Code    50  sensor_gpio.o(.text)
    sensor_gpio_set_high_z                   0x0000512d   Thumb Code    44  sensor_gpio.o(.text)
    sensor_gpio_excite                       0x00005159   Thumb Code    30  sensor_gpio.o(.text)
    __use_no_semihosting                     0x000051a1   Thumb Code     2  use_no_semi_2.o(.text)
    __aeabi_llsl                             0x000051a3   Thumb Code    32  llshl.o(.text)
    _ll_shift_l                              0x000051a3   Thumb Code     0  llshl.o(.text)
    __aeabi_lasr                             0x000051c3   Thumb Code    38  llsshr.o(.text)
    _ll_sshift_r                             0x000051c3   Thumb Code     0  llsshr.o(.text)
    __aeabi_ldivmod                          0x000051e9   Thumb Code   112  llsdiv.o(.text)
    _ll_sdiv                                 0x000051e9   Thumb Code     0  llsdiv.o(.text)
    __2printf                                0x00005259   Thumb Code    22  noretval__2printf.o(.text)
    _printf_int_dec                          0x00005275   Thumb Code    90  _printf_dec.o(.text)
    _printf_longlong_dec                     0x000052e1   Thumb Code    94  _printf_longlong_dec.o(.text)
    _printf_int_hex                          0x00005351   Thumb Code    84  _printf_hex_int.o(.text)
    _printf_longlong_hex                     0x00005351   Thumb Code     0  _printf_hex_int.o(.text)
    __printf                                 0x000053a9   Thumb Code   190  __printf_ss.o(.text)
    __aeabi_memcpy                           0x00005467   Thumb Code   130  rt_memcpy.o(.text)
    __rt_memcpy                              0x00005467   Thumb Code     0  rt_memcpy.o(.text)
    _memset_w                                0x000054e9   Thumb Code    26  rt_memclr.o(.text)
    _memset                                  0x00005503   Thumb Code    30  rt_memclr.o(.text)
    __aeabi_memclr                           0x00005521   Thumb Code     4  rt_memclr.o(.text)
    __rt_memclr                              0x00005521   Thumb Code     0  rt_memclr.o(.text)
    __aeabi_memclr4                          0x00005525   Thumb Code     0  rt_memclr.o(.text)
    __aeabi_memclr8                          0x00005525   Thumb Code     0  rt_memclr.o(.text)
    __rt_memclr_w                            0x00005525   Thumb Code     4  rt_memclr.o(.text)
    __aeabi_uidiv                            0x00005529   Thumb Code     0  aeabi_sdiv.o(.text)
    __aeabi_uidivmod                         0x00005529   Thumb Code    20  aeabi_sdiv.o(.text)
    __aeabi_idiv                             0x0000553d   Thumb Code     0  aeabi_sdiv.o(.text)
    __aeabi_idivmod                          0x0000553d   Thumb Code   326  aeabi_sdiv.o(.text)
    __use_two_region_memory                  0x00005683   Thumb Code     2  heapauxi.o(.text)
    __rt_heap_escrow$2region                 0x00005685   Thumb Code     2  heapauxi.o(.text)
    __rt_heap_expand$2region                 0x00005687   Thumb Code     2  heapauxi.o(.text)
    __I$use$semihosting                      0x00005689   Thumb Code     0  use_no_semi.o(.text)
    __use_no_semihosting_swi                 0x00005689   Thumb Code     2  use_no_semi.o(.text)
    _ll_udiv10                               0x0000568b   Thumb Code   122  lludiv10.o(.text)
    __aeabi_uldivmod                         0x00005705   Thumb Code   258  lludiv.o(.text)
    _ll_udiv                                 0x00005705   Thumb Code     0  lludiv.o(.text)
    _printf_int_common                       0x00005807   Thumb Code   176  _printf_intcommon.o(.text)
    _printf_char_file                        0x000058b9   Thumb Code    34  _printf_char_file.o(.text)
    __rt_udiv10                              0x000058e1   Thumb Code    40  rtudiv10.o(.text)
    _printf_char_common                      0x00005913   Thumb Code    32  _printf_char_common.o(.text)
    __user_setup_stackheap                   0x00005939   Thumb Code    62  sys_stackheap_outer.o(.text)
    exit                                     0x00005977   Thumb Code    16  exit.o(.text)
    __user_libspace                          0x00005989   Thumb Code     8  libspace.o(.text)
    __user_perproc_libspace                  0x00005989   Thumb Code     0  libspace.o(.text)
    __user_perthread_libspace                0x00005989   Thumb Code     0  libspace.o(.text)
    __ARM_common_switch8                     0x00005991   Thumb Code    28  sensor_resistive.o(i.__ARM_common_switch8)
    Region$$Table$$Base                      0x00005a98   Number         0  anon$$obj.o(Region$$Table)
    Region$$Table$$Limit                     0x00005ab8   Number         0  anon$$obj.o(Region$$Table)
    __stdout                                 0x20000000   Data           4  retarget.o(.data)
    __stdin                                  0x20000004   Data           4  retarget.o(.data)
    chip_index                               0x20000008   Data           4  radio.o(.data)
    raw_chips                                0x2000000c   Data           4  radio.o(.data)
    jj                                       0x20000010   Data           4  radio.o(.data)
    acfg3_val                                0x20000014   Data           4  radio.o(.data)
    FIR_coeff                                0x20000018   Data          11  radio.o(.data)
    IF_estimate_history                      0x20000024   Data          44  radio.o(.data)
    delay_completed                          0x20000060   Data           8  rftimer.o(.data)
    is_repeating                             0x20000068   Data           8  rftimer.o(.data)
    RF_TIMER_REG_ADDRESSES                   0x20000070   Data          32  rftimer.o(.data)
    RF_TIMER_REG_CONTROL_ADDRESES            0x20000090   Data          32  rftimer.o(.data)
    sampling_frequency                       0x200000b0   Data           8  matrix_pencil_method.o(.data)
    L_parameter                              0x200000b8   Data           8  matrix_pencil_method.o(.data)
    M_parameter                              0x200000c0   Data           4  matrix_pencil_method.o(.data)
    g_adc_msb_previous_sample                0x200000e4   Data           2  adc_msb.o(.data)
    optical_vars                             0x200000f4   Data          32  optical.o(.bss)
    chips                                    0x20000114   Data         400  radio.o(.bss)
    cdr_tau_history                          0x200002a4   Data          22  radio.o(.bss)
    radio_vars                               0x200002bc   Data         696  radio.o(.bss)
    rftimer_vars                             0x20000574   Data          44  rftimer.o(.bss)
    timer_durations                          0x200005a0   Data          32  rftimer.o(.bss)
    scm3c_hw_interface_vars                  0x200005c0   Data         204  scm3c_hw_interface.o(.bss)
    AtA                                      0x20000690   Data          12  svd_3.o(.bss)
    singular_vector_buffer                   0x200006a0   Data          24  svd_3.o(.bss)
    matrix_column_buffer                     0x200006b8   Data          24  svd_3.o(.bss)
    outer_product_matrix_buffer              0x200006d0   Data          72  svd_3.o(.bss)
    intermediate_matrix_buffer               0x20000718   Data          72  svd_3.o(.bss)
    second_vector_computing_matrix_buffer    0x20000760   Data          72  svd_3.o(.bss)
    gradient_buffer                          0x200007a8   Data          24  svd_3.o(.bss)
    data_matrix                              0x200007c0   Data          12  matrix_pencil_method.o(.bss)
    data_matrix_v                            0x200007cc   Data          12  matrix_pencil_method.o(.bss)
    computing_matrix                         0x200007d8   Data          12  matrix_pencil_method.o(.bss)
    data_matrix_buffer                       0x200007e8   Data          72  matrix_pencil_method.o(.bss)
    data_matrix_v_buffer                     0x20000830   Data          72  matrix_pencil_method.o(.bss)
    computing_matrix_buffer                  0x20000878   Data          32  matrix_pencil_method.o(.bss)
    __libspace_start                         0x20002fc4   Data          96  libspace.o(.bss)
    __temporary_stack_top$libspace           0x20003024   Data           0  libspace.o(.bss)



==============================================================================

Memory Map of the image

  Image entry point : Not specified.

  Load Region LR_IROM1 (Base: 0x00000000, Size: 0x00005bac, Max: 0x00010000, ABSOLUTE)

    Execution Region ER_IROM1 (Exec base: 0x00000000, Load base: 0x00000000, Size: 0x00005ab8, Max: 0x00010000, ABSOLUTE)

    Exec Addr    Load Addr    Size         Type   Attr      Idx    E Section Name        Object

    0x00000000   0x00000000   0x00000080   Data   RO           59    RESET               cm0dsasm.o
    0x00000080   0x00000080   0x00000008   Code   RO          478  * !!!main             c_p.l(__main.o)
    0x00000088   0x00000088   0x0000003c   Code   RO          663    !!!scatter          c_p.l(__scatter.o)
    0x000000c4   0x000000c4   0x0000001a   Code   RO          665    !!handler_copy      c_p.l(__scatter_copy.o)
    0x000000de   0x000000de   0x00000002   PAD
    0x000000e0   0x000000e0   0x0000001c   Code   RO          667    !!handler_zi        c_p.l(__scatter_zi.o)
    0x000000fc   0x000000fc   0x00000002   Code   RO          464    .ARM.Collect$$_printf_percent$$00000000  c_p.l(_printf_percent.o)
    0x000000fe   0x000000fe   0x0000000a   Code   RO          496    .ARM.Collect$$_printf_percent$$00000007  c_p.l(_printf_ll.o)
    0x00000108   0x00000108   0x0000000a   Code   RO          462    .ARM.Collect$$_printf_percent$$00000009  c_p.l(_printf_d.o)
    0x00000112   0x00000112   0x0000000a   Code   RO          463    .ARM.Collect$$_printf_percent$$0000000A  c_p.l(_printf_u.o)
    0x0000011c   0x0000011c   0x0000000a   Code   RO          461    .ARM.Collect$$_printf_percent$$0000000C  c_p.l(_printf_x.o)
    0x00000126   0x00000126   0x0000000a   Code   RO          465    .ARM.Collect$$_printf_percent$$0000000E  c_p.l(_printf_lld.o)
    0x00000130   0x00000130   0x00000004   Code   RO          495    .ARM.Collect$$_printf_percent$$00000017  c_p.l(_printf_percent_end.o)
    0x00000134   0x00000134   0x00000002   Code   RO          538    .ARM.Collect$$libinit$$00000000  c_p.l(libinit.o)
    0x00000136   0x00000136   0x00000000   Code   RO          552    .ARM.Collect$$libinit$$00000002  c_p.l(libinit2.o)
    0x00000136   0x00000136   0x00000000   Code   RO          554    .ARM.Collect$$libinit$$00000004  c_p.l(libinit2.o)
    0x00000136   0x00000136   0x00000000   Code   RO          557    .ARM.Collect$$libinit$$0000000A  c_p.l(libinit2.o)
    0x00000136   0x00000136   0x00000000   Code   RO          559    .ARM.Collect$$libinit$$0000000C  c_p.l(libinit2.o)
    0x00000136   0x00000136   0x00000000   Code   RO          561    .ARM.Collect$$libinit$$0000000E  c_p.l(libinit2.o)
    0x00000136   0x00000136   0x00000000   Code   RO          564    .ARM.Collect$$libinit$$00000011  c_p.l(libinit2.o)
    0x00000136   0x00000136   0x00000000   Code   RO          566    .ARM.Collect$$libinit$$00000013  c_p.l(libinit2.o)
    0x00000136   0x00000136   0x00000000   Code   RO          568    .ARM.Collect$$libinit$$00000015  c_p.l(libinit2.o)
    0x00000136   0x00000136   0x00000000   Code   RO          570    .ARM.Collect$$libinit$$00000017  c_p.l(libinit2.o)
    0x00000136   0x00000136   0x00000000   Code   RO          572    .ARM.Collect$$libinit$$00000019  c_p.l(libinit2.o)
    0x00000136   0x00000136   0x00000000   Code   RO          574    .ARM.Collect$$libinit$$0000001B  c_p.l(libinit2.o)
    0x00000136   0x00000136   0x00000000   Code   RO          576    .ARM.Collect$$libinit$$0000001D  c_p.l(libinit2.o)
    0x00000136   0x00000136   0x00000000   Code   RO          578    .ARM.Collect$$libinit$$0000001F  c_p.l(libinit2.o)
    0x00000136   0x00000136   0x00000000   Code   RO          580    .ARM.Collect$$libinit$$00000021  c_p.l(libinit2.o)
    0x00000136   0x00000136   0x00000000   Code   RO          582    .ARM.Collect$$libinit$$00000023  c_p.l(libinit2.o)
    0x00000136   0x00000136   0x00000000   Code   RO          584    .ARM.Collect$$libinit$$00000025  c_p.l(libinit2.o)
    0x00000136   0x00000136   0x00000000   Code   RO          588    .ARM.Collect$$libinit$$0000002C  c_p.l(libinit2.o)
    0x00000136   0x00000136   0x00000000   Code   RO          590    .ARM.Collect$$libinit$$0000002E  c_p.l(libinit2.o)
    0x00000136   0x00000136   0x00000000   Code   RO          592    .ARM.Collect$$libinit$$00000030  c_p.l(libinit2.o)
    0x00000136   0x00000136   0x00000000   Code   RO          594    .ARM.Collect$$libinit$$00000032  c_p.l(libinit2.o)
    0x00000136   0x00000136   0x00000002   Code   RO          595    .ARM.Collect$$libinit$$00000033  c_p.l(libinit2.o)
    0x00000138   0x00000138   0x00000002   Code   RO          619    .ARM.Collect$$libshutdown$$00000000  c_p.l(libshutdown.o)
    0x0000013a   0x0000013a   0x00000000   Code   RO          645    .ARM.Collect$$libshutdown$$00000002  c_p.l(libshutdown2.o)
    0x0000013a   0x0000013a   0x00000000   Code   RO          647    .ARM.Collect$$libshutdown$$00000004  c_p.l(libshutdown2.o)
    0x0000013a   0x0000013a   0x00000000   Code   RO          650    .ARM.Collect$$libshutdown$$00000007  c_p.l(libshutdown2.o)
    0x0000013a   0x0000013a   0x00000000   Code   RO          653    .ARM.Collect$$libshutdown$$0000000A  c_p.l(libshutdown2.o)
    0x0000013a   0x0000013a   0x00000000   Code   RO          655    .ARM.Collect$$libshutdown$$0000000C  c_p.l(libshutdown2.o)
    0x0000013a   0x0000013a   0x00000000   Code   RO          658    .ARM.Collect$$libshutdown$$0000000F  c_p.l(libshutdown2.o)
    0x0000013a   0x0000013a   0x00000002   Code   RO          659    .ARM.Collect$$libshutdown$$00000010  c_p.l(libshutdown2.o)
    0x0000013c   0x0000013c   0x00000000   Code   RO          482    .ARM.Collect$$rtentry$$00000000  c_p.l(__rtentry.o)
    0x0000013c   0x0000013c   0x00000000   Code   RO          500    .ARM.Collect$$rtentry$$00000002  c_p.l(__rtentry2.o)
    0x0000013c   0x0000013c   0x00000006   Code   RO          512    .ARM.Collect$$rtentry$$00000004  c_p.l(__rtentry4.o)
    0x00000142   0x00000142   0x00000000   Code   RO          502    .ARM.Collect$$rtentry$$00000009  c_p.l(__rtentry2.o)
    0x00000142   0x00000142   0x00000004   Code   RO          503    .ARM.Collect$$rtentry$$0000000A  c_p.l(__rtentry2.o)
    0x00000146   0x00000146   0x00000000   Code   RO          505    .ARM.Collect$$rtentry$$0000000C  c_p.l(__rtentry2.o)
    0x00000146   0x00000146   0x00000008   Code   RO          506    .ARM.Collect$$rtentry$$0000000D  c_p.l(__rtentry2.o)
    0x0000014e   0x0000014e   0x00000002   Code   RO          543    .ARM.Collect$$rtexit$$00000000  c_p.l(rtexit.o)
    0x00000150   0x00000150   0x00000000   Code   RO          597    .ARM.Collect$$rtexit$$00000002  c_p.l(rtexit2.o)
    0x00000150   0x00000150   0x00000004   Code   RO          598    .ARM.Collect$$rtexit$$00000003  c_p.l(rtexit2.o)
    0x00000154   0x00000154   0x00000006   Code   RO          599    .ARM.Collect$$rtexit$$00000004  c_p.l(rtexit2.o)
    0x0000015a   0x0000015a   0x00000002   PAD
    0x0000015c   0x0000015c   0x00000038   Code   RO          466    .emb_text           c_p.l(rt_memcpy.o)
    0x00000194   0x00000194   0x00000104   Code   RO            1    .text               sensor_adc.o
    0x00000298   0x00000298   0x00000124   Code   RO           60  * .text               cm0dsasm.o
    0x000003bc   0x000003bc   0x00000064   Code   RO           65    .text               retarget.o
    0x00000420   0x00000420   0x00000330   Code   RO           93    .text               optical.o
    0x00000750   0x00000750   0x00000ba4   Code   RO          117    .text               radio.o
    0x000012f4   0x000012f4   0x00000320   Code   RO          134    .text               adc.o
    0x00001614   0x00001614   0x000002c0   Code   RO          148    .text               gpio.o
    0x000018d4   0x000018d4   0x00000130   Code   RO          160    .text               uart.o
    0x00001a04   0x00001a04   0x000001d0   Code   RO          177    .text               rftimer.o
    0x00001bd4   0x00001bd4   0x0000170c   Code   RO          196    .text               scm3c_hw_interface.o
    0x000032e0   0x000032e0   0x000003c0   Code   RO          212    .text               matrix.o
    0x000036a0   0x000036a0   0x00000830   Code   RO          236    .text               svd_3.o
    0x00003ed0   0x00003ed0   0x00000e00   Code   RO          257    .text               matrix_pencil_method.o
    0x00004cd0   0x00004cd0   0x00000178   Code   RO          291    .text               sensor_resistive.o
    0x00004e48   0x00004e48   0x0000017c   Code   RO          325    .text               time_constant.o
    0x00004fc4   0x00004fc4   0x00000080   Code   RO          350    .text               adc_msb.o
    0x00005044   0x00005044   0x00000074   Code   RO          365    .text               sensor_capacitor.o
    0x000050b8   0x000050b8   0x000000e8   Code   RO          383    .text               sensor_gpio.o
    0x000051a0   0x000051a0   0x00000002   Code   RO          402    .text               c_p.l(use_no_semi_2.o)
    0x000051a2   0x000051a2   0x00000020   Code   RO          404    .text               c_p.l(llshl.o)
    0x000051c2   0x000051c2   0x00000026   Code   RO          406    .text               c_p.l(llsshr.o)
    0x000051e8   0x000051e8   0x00000070   Code   RO          408    .text               c_p.l(llsdiv.o)
    0x00005258   0x00005258   0x0000001c   Code   RO          412    .text               c_p.l(noretval__2printf.o)
    0x00005274   0x00005274   0x0000006c   Code   RO          416    .text               c_p.l(_printf_dec.o)
    0x000052e0   0x000052e0   0x00000070   Code   RO          418    .text               c_p.l(_printf_longlong_dec.o)
    0x00005350   0x00005350   0x00000058   Code   RO          423    .text               c_p.l(_printf_hex_int.o)
    0x000053a8   0x000053a8   0x000000be   Code   RO          444    .text               c_p.l(__printf_ss.o)
    0x00005466   0x00005466   0x00000082   Code   RO          467    .text               c_p.l(rt_memcpy.o)
    0x000054e8   0x000054e8   0x00000040   Code   RO          470    .text               c_p.l(rt_memclr.o)
    0x00005528   0x00005528   0x0000015a   Code   RO          472    .text               c_p.l(aeabi_sdiv.o)
    0x00005682   0x00005682   0x00000006   Code   RO          476    .text               c_p.l(heapauxi.o)
    0x00005688   0x00005688   0x00000002   Code   RO          480    .text               c_p.l(use_no_semi.o)
    0x0000568a   0x0000568a   0x0000007a   Code   RO          487    .text               c_p.l(lludiv10.o)
    0x00005704   0x00005704   0x00000102   Code   RO          489    .text               c_p.l(lludiv.o)
    0x00005806   0x00005806   0x000000b0   Code   RO          491    .text               c_p.l(_printf_intcommon.o)
    0x000058b6   0x000058b6   0x00000002   PAD
    0x000058b8   0x000058b8   0x00000028   Code   RO          493    .text               c_p.l(_printf_char_file.o)
    0x000058e0   0x000058e0   0x00000028   Code   RO          497    .text               c_p.l(rtudiv10.o)
    0x00005908   0x00005908   0x00000030   Code   RO          520    .text               c_p.l(_printf_char_common.o)
    0x00005938   0x00005938   0x0000003e   Code   RO          522    .text               c_p.l(sys_stackheap_outer.o)
    0x00005976   0x00005976   0x00000010   Code   RO          527    .text               c_p.l(exit.o)
    0x00005986   0x00005986   0x00000002   PAD
    0x00005988   0x00005988   0x00000008   Code   RO          539    .text               c_p.l(libspace.o)
    0x00005990   0x00005990   0x0000001c   Code   RO          302    i.__ARM_common_switch8  sensor_resistive.o
    0x000059ac   0x000059ac   0x00000030   Data   RO            2    .constdata          sensor_adc.o
    0x000059dc   0x000059dc   0x00000040   Data   RO          119    .constdata          radio.o
    0x00005a1c   0x00005a1c   0x00000054   Data   RO          198    .constdata          scm3c_hw_interface.o
    0x00005a70   0x00005a70   0x00000028   Data   RO          424    .constdata          c_p.l(_printf_hex_int.o)
    0x00005a98   0x00005a98   0x00000020   Data   RO          661    Region$$Table       anon$$obj.o


    Execution Region RW_IRAM1 (Exec base: 0x20000000, Load base: 0x00005ab8, Size: 0x00003c30, Max: 0x00010000, ABSOLUTE)

    Exec Addr    Load Addr    Size         Type   Attr      Idx    E Section Name        Object

    0x20000000   0x00005ab8   0x00000008   Data   RW           66    .data               retarget.o
    0x20000008   0x00005ac0   0x00000048   Data   RW          120    .data               radio.o
    0x20000050   0x00005b08   0x00000003   Data   RW          135    .data               adc.o
    0x20000053   0x00005b0b   0x00000001   PAD
    0x20000054   0x00005b0c   0x0000000a   Data   RW          161    .data               uart.o
    0x2000005e   0x00005b16   0x00000002   PAD
    0x20000060   0x00005b18   0x00000050   Data   RW          179    .data               rftimer.o
    0x200000b0   0x00005b68   0x00000014   Data   RW          259    .data               matrix_pencil_method.o
    0x200000c4   0x00005b7c   0x00000006   Data   RW          292    .data               sensor_resistive.o
    0x200000ca   0x00005b82   0x00000002   PAD
    0x200000cc   0x00005b84   0x00000018   Data   RW          327    .data               time_constant.o
    0x200000e4   0x00005b9c   0x00000002   Data   RW          351    .data               adc_msb.o
    0x200000e6   0x00005b9e   0x00000002   PAD
    0x200000e8   0x00005ba0   0x00000004   Data   RW          367    .data               sensor_capacitor.o
    0x200000ec   0x00005ba4   0x00000006   Data   RW          384    .data               sensor_gpio.o
    0x200000f2   0x00005baa   0x00000002   PAD
    0x200000f4        -       0x00000020   Zero   RW           94    .bss                optical.o
    0x20000114        -       0x00000460   Zero   RW          118    .bss                radio.o
    0x20000574        -       0x0000004c   Zero   RW          178    .bss                rftimer.o
    0x200005c0        -       0x000000cc   Zero   RW          197    .bss                scm3c_hw_interface.o
    0x2000068c   0x00005baa   0x00000004   PAD
    0x20000690        -       0x00000130   Zero   RW          237    .bss                svd_3.o
    0x200007c0        -       0x000000d8   Zero   RW          258    .bss                matrix_pencil_method.o
    0x20000898        -       0x00002710   Zero   RW          326    .bss                time_constant.o
    0x20002fa8        -       0x0000001c   Zero   RW          366    .bss                sensor_capacitor.o
    0x20002fc4        -       0x00000060   Zero   RW          540    .bss                c_p.l(libspace.o)
    0x20003024   0x00005baa   0x0000000c   PAD
    0x20003030        -       0x00000400   Zero   RW           58    HEAP                cm0dsasm.o
    0x20003430        -       0x00000800   Zero   RW           57    STACK               cm0dsasm.o


==============================================================================

Image component sizes


      Code (inc. data)   RO Data    RW Data    ZI Data      Debug   Object Name

       800         90          0          3          0       5223   adc.o
       128         10          0          2          0       1521   adc_msb.o
       292         32        128          0       3072       1036   cm0dsasm.o
       704        124          0          0          0       7026   gpio.o
       960         22          0          0          0       7379   matrix.o
      3584        140          0         20        216       9133   matrix_pencil_method.o
       816        164          0          0         32       4150   optical.o
      2980        324         64         72       1120      12733   radio.o
       100         20          0          8          0       3795   retarget.o
       464         88          0         80         76       4757   rftimer.o
      5900        756         84          0        204      19554   scm3c_hw_interface.o
       260        116         48          0          0      11367   sensor_adc.o
       116          8          0          4         28       1906   sensor_capacitor.o
       232         14          0          6          0       2022   sensor_gpio.o
       404         96          0          6          0       5351   sensor_resistive.o
      2096         36          0          0        304       7955   svd_3.o
       380         44          0         24      10000       3090   time_constant.o
       304         86          0         10          0       2343   uart.o

    ----------------------------------------------------------------------
     20520       2170        356        244      15056     110341   Object Totals
         0          0         32          0          0          0   (incl. Generated)
         0          0          0          9          4          0   (incl. Padding)

    ----------------------------------------------------------------------

      Code (inc. data)   RO Data    RW Data    ZI Data      Debug   Library Member Name

         8          0          0          0          0         68   __main.o
       190          0          0          0          0         76   __printf_ss.o
         0          0          0          0          0          0   __rtentry.o
        12          0          0          0          0          0   __rtentry2.o
         6          0          0          0          0          0   __rtentry4.o
        60          8          0          0          0          0   __scatter.o
        26          0          0          0          0          0   __scatter_copy.o
        28          0          0          0          0          0   __scatter_zi.o
        48          6          0          0          0         88   _printf_char_common.o
        40          6          0          0          0         72   _printf_char_file.o
        10          0          0          0          0          0   _printf_d.o
       108         18          0          0          0         76   _printf_dec.o
        88          4         40          0          0         72   _printf_hex_int.o
       176          0          0          0          0         84   _printf_intcommon.o
        10          0          0          0          0          0   _printf_ll.o
        10          0          0          0          0          0   _printf_lld.o
       112         18          0          0          0         76   _printf_longlong_dec.o
         2          0          0          0          0          0   _printf_percent.o
         4          0          0          0          0          0   _printf_percent_end.o
        10          0          0          0          0          0   _printf_u.o
        10          0          0          0          0          0   _printf_x.o
       346          0          0          0          0         92   aeabi_sdiv.o
        16          0          0          0          0         68   exit.o
         6          0          0          0          0        136   heapauxi.o
         2          0          0          0          0          0   libinit.o
         2          0          0          0          0          0   libinit2.o
         2          0          0          0          0          0   libshutdown.o
         2          0          0          0          0          0   libshutdown2.o
         8          4          0          0         96         68   libspace.o
       112          0          0          0          0         72   llsdiv.o
        32          0          0          0          0         68   llshl.o
        38          0          0          0          0         68   llsshr.o
       258          0          0          0          0         88   lludiv.o
       122          0          0          0          0         72   lludiv10.o
        28          6          0          0          0         84   noretval__2printf.o
        64          0          0          0          0        108   rt_memclr.o
       186          0          0          0          0        144   rt_memcpy.o
         2          0          0          0          0          0   rtexit.o
        10          0          0          0          0          0   rtexit2.o
        40          0          0          0          0         60   rtudiv10.o
        62          0          0          0          0         80   sys_stackheap_outer.o
         2          0          0          0          0         68   use_no_semi.o
         2          0          0          0          0         68   use_no_semi_2.o

    ----------------------------------------------------------------------
      2308         70         40          0        108       1956   Library Totals
         8          0          0          0         12          0   (incl. Padding)

    ----------------------------------------------------------------------

      Code (inc. data)   RO Data    RW Data    ZI Data      Debug   Library Name

      2300         70         40          0         96       1956   c_p.l

    ----------------------------------------------------------------------
      2308         70         40          0        108       1956   Library Totals

    ----------------------------------------------------------------------

==============================================================================


      Code (inc. data)   RO Data    RW Data    ZI Data      Debug   

     22828       2240        396        244      15164     109629   Grand Totals
     22828       2240        396        244      15164     109629   ELF Image Totals
     22828       2240        396        244          0          0   ROM Totals

==============================================================================

    Total RO  Size (Code + RO Data)                23224 (  22.68kB)
    Total RW  Size (RW Data + ZI Data)             15408 (  15.05kB)
    Total ROM Size (Code + RO Data + RW Data)      23468 (  22.92kB)

==============================================================================

